#
# There is insufficient memory for the Java Runtime Environment to continue.
# Native memory allocation (mmap) failed to map 309329920 bytes. Error detail: G1 virtual space
# Possible reasons:
#   The system is out of physical RAM or swap space
#   This process is running with CompressedOops enabled, and the Java Heap may be blocking the growth of the native heap
# Possible solutions:
#   Reduce memory load on the system
#   Increase physical memory or swap space
#   Check if swap backing store is full
#   Decrease Java heap size (-Xmx/-Xms)
#   Decrease number of Java threads
#   Decrease Java thread stack sizes (-Xss)
#   Set larger code cache with -XX:ReservedCodeCacheSize=
#   JVM is running with Unscaled Compressed Oops mode in which the Java heap is
#     placed in the first 4GB address space. The Java Heap base address is the
#     maximum limit for the native heap growth. Please use -XX:HeapBaseMinAddress
#     to set the Java Heap base and to place the Java Heap above 4GB virtual address.
# This output file may be truncated or incomplete.
#
#  Out of Memory Error (os_windows.cpp:3732), pid=21980, tid=2584
#
# JRE version: OpenJDK Runtime Environment Temurin-21.0.12.1+1 (21.0.12.1+1) (build 21.0.12.1+1-LTS)
# Java VM: OpenJDK 64-Bit Server VM Temurin-21.0.12.1+1 (21.0.12.1+1-LTS, mixed mode, sharing, tiered, compressed oops, compressed class ptrs, g1 gc, windows-amd64)
# No core dump will be written. Minidumps are not enabled by default on client versions of Windows
#

---------------  S U M M A R Y ------------

Command Line: --enable-native-access=ALL-UNNAMED -Dclassworlds.conf=C:\Users\Amira Zbidi\.m2\wrapper\dists\apache-maven-3.9.16\0daed3be3ebd1c706f0e69e8b07c6b73f5cc4ea3dfce72a8d0ec2e849ca2ddb0\bin\m2.conf -Dmaven.home=C:\Users\Amira Zbidi\.m2\wrapper\dists\apache-maven-3.9.16\0daed3be3ebd1c706f0e69e8b07c6b73f5cc4ea3dfce72a8d0ec2e849ca2ddb0 -Dlibrary.jansi.path=C:\Users\Amira Zbidi\.m2\wrapper\dists\apache-maven-3.9.16\0daed3be3ebd1c706f0e69e8b07c6b73f5cc4ea3dfce72a8d0ec2e849ca2ddb0\lib\jansi-native -Dmaven.multiModuleProjectDirectory=C:\Users\Amira Zbidi\Downloads\jobtracker\jobtracker org.codehaus.plexus.classworlds.launcher.Launcher clean test

Host: 11th Gen Intel(R) Core(TM) i5-1135G7 @ 2.40GHz, 8 cores, 7G,  Windows 11 , 64 bit Build 26100 (10.0.26100.7920)
Time: Tue Oct  6 23:18:12 2026 W. Europe Daylight Time elapsed time: 87.398027 seconds (0d 0h 1m 27s)

---------------  T H R E A D  ---------------

Current thread (0x000002a652f65d30):  VMThread "VM Thread"          [id=2584, stack(0x000000a841900000,0x000000a841a00000) (1024K)]

Stack: [0x000000a841900000,0x000000a841a00000]
Native frames: (J=compiled Java code, j=interpreted, Vv=VM code, C=native code)
V  [jvm.dll+0x6d83e9]
V  [jvm.dll+0x8b5736]
V  [jvm.dll+0x8b7cee]
V  [jvm.dll+0x8b83d3]
V  [jvm.dll+0x284596]
V  [jvm.dll+0x6d4d05]
V  [jvm.dll+0x6c898a]
V  [jvm.dll+0x35f2f8]
V  [jvm.dll+0x366f36]
V  [jvm.dll+0x3b804e]
V  [jvm.dll+0x3b82f8]
V  [jvm.dll+0x33320c]
V  [jvm.dll+0x33329a]
V  [jvm.dll+0x377382]
V  [jvm.dll+0x375b1a]
V  [jvm.dll+0x332951]
V  [jvm.dll+0x37517a]
V  [jvm.dll+0x8be0c0]
V  [jvm.dll+0x8bf434]
V  [jvm.dll+0x8bf960]
V  [jvm.dll+0x8bfc03]
V  [jvm.dll+0x8600cd]
V  [jvm.dll+0x6d6c1d]
C  [ucrtbase.dll+0x37b0]
C  [KERNEL32.DLL+0x2e8d7]
C  [ntdll.dll+0x8c48c]

VM_Operation (0x000000a8431feb60): G1CollectForAllocation, mode: safepoint, requested by thread 0x000002a69ab6e010


---------------  P R O C E S S  ---------------

Threads class SMR info:
_java_thread_list=0x000002a69cacb370, length=18, elements={
0x000002a636455150, 0x000002a652f865b0, 0x000002a652f86d10, 0x000002a652f87800,
0x000002a652f87f60, 0x000002a652f8c6d0, 0x000002a652f8ce30, 0x000002a652f8e7e0,
0x000002a652f8ee90, 0x000002a69814b260, 0x000002a69814daa0, 0x000002a6991fa0f0,
0x000002a69d3b77e0, 0x000002a699e65020, 0x000002a69ab6e010, 0x000002a69b67ece0,
0x000002a69b67e650, 0x000002a69b67f370
}

Java Threads: ( => current thread )
  0x000002a636455150 JavaThread "main"                              [_thread_in_native, id=13024, stack(0x000000a841200000,0x000000a841300000) (1024K)]
  0x000002a652f865b0 JavaThread "Reference Handler"          daemon [_thread_blocked, id=24556, stack(0x000000a841a00000,0x000000a841b00000) (1024K)]
  0x000002a652f86d10 JavaThread "Finalizer"                  daemon [_thread_blocked, id=11416, stack(0x000000a841b00000,0x000000a841c00000) (1024K)]
  0x000002a652f87800 JavaThread "Signal Dispatcher"          daemon [_thread_blocked, id=11808, stack(0x000000a841c00000,0x000000a841d00000) (1024K)]
  0x000002a652f87f60 JavaThread "Attach Listener"            daemon [_thread_blocked, id=24060, stack(0x000000a841d00000,0x000000a841e00000) (1024K)]
  0x000002a652f8c6d0 JavaThread "Service Thread"             daemon [_thread_blocked, id=23324, stack(0x000000a841e00000,0x000000a841f00000) (1024K)]
  0x000002a652f8ce30 JavaThread "Monitor Deflation Thread"   daemon [_thread_blocked, id=21216, stack(0x000000a841f00000,0x000000a842000000) (1024K)]
  0x000002a652f8e7e0 JavaThread "C2 CompilerThread0"         daemon [_thread_blocked, id=18292, stack(0x000000a842000000,0x000000a842100000) (1024K)]
  0x000002a652f8ee90 JavaThread "C1 CompilerThread0"         daemon [_thread_blocked, id=5076, stack(0x000000a842100000,0x000000a842200000) (1024K)]
  0x000002a69814b260 JavaThread "Notification Thread"        daemon [_thread_blocked, id=13028, stack(0x000000a842200000,0x000000a842300000) (1024K)]
  0x000002a69814daa0 JavaThread "Common-Cleaner"             daemon [_thread_blocked, id=7672, stack(0x000000a842300000,0x000000a842400000) (1024K)]
  0x000002a6991fa0f0 JavaThread "Thread-1"                   daemon [_thread_blocked, id=8896, stack(0x000000a842c00000,0x000000a842d00000) (1024K)]
  0x000002a69d3b77e0 JavaThread "timeout-check-timer"        daemon [_thread_blocked, id=22384, stack(0x000000a842e00000,0x000000a842f00000) (1024K)]
  0x000002a699e65020 JavaThread "ping-timer-10s"             daemon [_thread_blocked, id=22024, stack(0x000000a842f00000,0x000000a843000000) (1024K)]
  0x000002a69ab6e010 JavaThread "ThreadedStreamConsumer"     daemon [_thread_blocked, id=16312, stack(0x000000a843100000,0x000000a843200000) (1024K)]
  0x000002a69b67ece0 JavaThread "fork-1-err-thread"          daemon [_thread_in_native, id=16644, stack(0x000000a843200000,0x000000a843300000) (1024K)]
  0x000002a69b67e650 JavaThread "commands-fork-1"            daemon [_thread_blocked, id=27576, stack(0x000000a843300000,0x000000a843400000) (1024K)]
  0x000002a69b67f370 JavaThread "fork-1-event-thread"        daemon [_thread_blocked, id=11832, stack(0x000000a843400000,0x000000a843500000) (1024K)]
Total: 18

Other Threads:
=>0x000002a652f65d30 VMThread "VM Thread"                           [id=2584, stack(0x000000a841900000,0x000000a841a00000) (1024K)]
  0x000002a652f4ae70 WatcherThread "VM Periodic Task Thread"        [id=9792, stack(0x000000a841800000,0x000000a841900000) (1024K)]
  0x000002a6364a3cd0 WorkerThread "GC Thread#0"                     [id=22660, stack(0x000000a841300000,0x000000a841400000) (1024K)]
  0x000002a698acbd10 WorkerThread "GC Thread#1"                     [id=23028, stack(0x000000a842500000,0x000000a842600000) (1024K)]
  0x000002a698bb79a0 WorkerThread "GC Thread#2"                     [id=17396, stack(0x000000a842600000,0x000000a842700000) (1024K)]
  0x000002a698bb7d50 WorkerThread "GC Thread#3"                     [id=8592, stack(0x000000a842700000,0x000000a842800000) (1024K)]
  0x000002a698bb8100 WorkerThread "GC Thread#4"                     [id=12652, stack(0x000000a842800000,0x000000a842900000) (1024K)]
  0x000002a698af7df0 WorkerThread "GC Thread#5"                     [id=5272, stack(0x000000a842900000,0x000000a842a00000) (1024K)]
  0x000002a698af81a0 WorkerThread "GC Thread#6"                     [id=1828, stack(0x000000a842a00000,0x000000a842b00000) (1024K)]
  0x000002a698af8550 WorkerThread "GC Thread#7"                     [id=24432, stack(0x000000a842b00000,0x000000a842c00000) (1024K)]
  0x000002a6364b6770 ConcurrentGCThread "G1 Main Marker"            [id=25400, stack(0x000000a841400000,0x000000a841500000) (1024K)]
  0x000002a6364b8ca0 WorkerThread "G1 Conc#0"                       [id=10532, stack(0x000000a841500000,0x000000a841600000) (1024K)]
  0x000002a69a7de580 WorkerThread "G1 Conc#1"                       [id=8100, stack(0x000000a842d00000,0x000000a842e00000) (1024K)]
  0x000002a652e197e0 ConcurrentGCThread "G1 Refine#0"               [id=11112, stack(0x000000a841600000,0x000000a841700000) (1024K)]
  0x000002a652e1bc30 ConcurrentGCThread "G1 Service"                [id=24748, stack(0x000000a841700000,0x000000a841800000) (1024K)]
Total: 15

Threads with active compile tasks:
Total: 0

VM state: at safepoint (normal execution)

VM Mutex/Monitor currently owned by a thread:  ([mutex/lock_event])
[0x00007ffe0004f5b0] Threads_lock - owner thread: 0x000002a652f65d30
[0x00007ffe0004f6b0] Heap_lock - owner thread: 0x000002a69ab6e010

Heap address: 0x0000000084400000, size: 1980 MB, Compressed Oops mode: 32-bit

CDS archive(s) mapped at: [0x000002a653000000-0x000002a653c80000-0x000002a653c80000), size 13107200, SharedBaseAddress: 0x000002a653000000, ArchiveRelocationMode: 1.
Compressed class space mapped at: 0x000002a654000000-0x000002a694000000, reserved size: 1073741824
Narrow klass base: 0x000002a653000000, Narrow klass shift: 0, Narrow klass range: 0x100000000

GC Precious Log:
 CardTable entry size: 512
 Card Set container configuration: InlinePtr #cards 5 size 8 Array Of Cards #cards 12 size 40 Howl #buckets 4 coarsen threshold 1843 Howl Bitmap #cards 512 size 80 coarsen threshold 460 Card regions per heap region 1 cards per card region 2048
 CPUs: 8 total, 8 available
 Memory: 7914M
 Large Page Support: Disabled
 NUMA Support: Disabled
 Compressed Oops: Enabled (32-bit)
 Heap Region Size: 1M
 Heap Min Capacity: 8M
 Heap Initial Capacity: 124M
 Heap Max Capacity: 1980M
 Pre-touch: Disabled
 Parallel Workers: 8
 Concurrent Workers: 2
 Concurrent Refinement Workers: 8
 Periodic GC: Disabled

Heap:
 garbage-first heap   total 171008K, used 71345K [0x0000000084400000, 0x0000000100000000)
  region size 1024K, 1 young (1024K), 1 survivors (1024K)
 Metaspace       used 34331K, committed 34816K, reserved 1114112K
  class space    used 3820K, committed 4032K, reserved 1048576K

Heap Regions: E=young(eden), S=young(survivor), O=old, HS=humongous(starts), HC=humongous(continues), CS=collection set, F=free, TAMS=top-at-mark-start, PB=parsable bottom
|   0|0x0000000084400000, 0x0000000084500000, 0x0000000084500000|100%| O|  |TAMS 0x0000000084400000| PB 0x0000000084400000| Untracked 
|   1|0x0000000084500000, 0x0000000084600000, 0x0000000084600000|100%| O|  |TAMS 0x0000000084500000| PB 0x0000000084500000| Untracked 
|   2|0x0000000084600000, 0x0000000084700000, 0x0000000084700000|100%| O|  |TAMS 0x0000000084600000| PB 0x0000000084600000| Untracked 
|   3|0x0000000084700000, 0x0000000084800000, 0x0000000084800000|100%| O|  |TAMS 0x0000000084700000| PB 0x0000000084700000| Untracked 
|   4|0x0000000084800000, 0x0000000084900000, 0x0000000084900000|100%| O|  |TAMS 0x0000000084800000| PB 0x0000000084800000| Untracked 
|   5|0x0000000084900000, 0x0000000084a00000, 0x0000000084a00000|100%| O|  |TAMS 0x0000000084900000| PB 0x0000000084900000| Untracked 
|   6|0x0000000084a00000, 0x0000000084b00000, 0x0000000084b00000|100%| O|  |TAMS 0x0000000084a00000| PB 0x0000000084a00000| Untracked 
|   7|0x0000000084b00000, 0x0000000084c00000, 0x0000000084c00000|100%| O|  |TAMS 0x0000000084b00000| PB 0x0000000084b00000| Untracked 
|   8|0x0000000084c00000, 0x0000000084d00000, 0x0000000084d00000|100%| O|  |TAMS 0x0000000084c00000| PB 0x0000000084c00000| Untracked 
|   9|0x0000000084d00000, 0x0000000084e00000, 0x0000000084e00000|100%| O|  |TAMS 0x0000000084d00000| PB 0x0000000084d00000| Untracked 
|  10|0x0000000084e00000, 0x0000000084f00000, 0x0000000084f00000|100%| O|  |TAMS 0x0000000084e00000| PB 0x0000000084e00000| Untracked 
|  11|0x0000000084f00000, 0x0000000085000000, 0x0000000085000000|100%| O|  |TAMS 0x0000000084f00000| PB 0x0000000084f00000| Untracked 
|  12|0x0000000085000000, 0x0000000085100000, 0x0000000085100000|100%| O|  |TAMS 0x0000000085000000| PB 0x0000000085000000| Untracked 
|  13|0x0000000085100000, 0x0000000085200000, 0x0000000085200000|100%| O|  |TAMS 0x0000000085100000| PB 0x0000000085100000| Untracked 
|  14|0x0000000085200000, 0x0000000085200000, 0x0000000085300000|  0%| F|  |TAMS 0x0000000085200000| PB 0x0000000085200000| Untracked 
|  15|0x0000000085300000, 0x0000000085400000, 0x0000000085400000|100%| O|  |TAMS 0x0000000085300000| PB 0x0000000085300000| Untracked 
|  16|0x0000000085400000, 0x0000000085500000, 0x0000000085500000|100%| O|  |TAMS 0x0000000085400000| PB 0x0000000085400000| Untracked 
|  17|0x0000000085500000, 0x0000000085600000, 0x0000000085600000|100%| O|  |TAMS 0x0000000085500000| PB 0x0000000085500000| Untracked 
|  18|0x0000000085600000, 0x0000000085700000, 0x0000000085700000|100%| O|  |TAMS 0x0000000085600000| PB 0x0000000085600000| Untracked 
|  19|0x0000000085700000, 0x0000000085800000, 0x0000000085800000|100%| O|  |TAMS 0x0000000085700000| PB 0x0000000085700000| Untracked 
|  20|0x0000000085800000, 0x0000000085900000, 0x0000000085900000|100%| O|  |TAMS 0x0000000085800000| PB 0x0000000085800000| Untracked 
|  21|0x0000000085900000, 0x0000000085a00000, 0x0000000085a00000|100%| O|  |TAMS 0x0000000085900000| PB 0x0000000085900000| Untracked 
|  22|0x0000000085a00000, 0x0000000085b00000, 0x0000000085b00000|100%| O|Cm|TAMS 0x0000000085a00000| PB 0x0000000085a00000| Complete 
|  23|0x0000000085b00000, 0x0000000085c00000, 0x0000000085c00000|100%| O|Cm|TAMS 0x0000000085b00000| PB 0x0000000085b00000| Complete 
|  24|0x0000000085c00000, 0x0000000085d00000, 0x0000000085d00000|100%|HS|  |TAMS 0x0000000085c00000| PB 0x0000000085c00000| Complete 
|  25|0x0000000085d00000, 0x0000000085e00000, 0x0000000085e00000|100%|HC|  |TAMS 0x0000000085d00000| PB 0x0000000085d00000| Complete 
|  26|0x0000000085e00000, 0x0000000085f00000, 0x0000000085f00000|100%| O|  |TAMS 0x0000000085e00000| PB 0x0000000085e00000| Untracked 
|  27|0x0000000085f00000, 0x0000000086000000, 0x0000000086000000|100%| O|  |TAMS 0x0000000085f00000| PB 0x0000000085f00000| Untracked 
|  28|0x0000000086000000, 0x0000000086060640, 0x0000000086100000| 37%| O|  |TAMS 0x0000000086000000| PB 0x0000000086000000| Untracked 
|  29|0x0000000086100000, 0x0000000086200000, 0x0000000086200000|100%|HS|  |TAMS 0x0000000086100000| PB 0x0000000086100000| Complete 
|  30|0x0000000086200000, 0x0000000086300000, 0x0000000086300000|100%| O|  |TAMS 0x0000000086200000| PB 0x0000000086200000| Untracked 
|  31|0x0000000086300000, 0x0000000086400000, 0x0000000086400000|100%| O|Cm|TAMS 0x0000000086300000| PB 0x0000000086300000| Complete 
|  32|0x0000000086400000, 0x0000000086500000, 0x0000000086500000|100%| O|Cm|TAMS 0x0000000086400000| PB 0x0000000086400000| Complete 
|  33|0x0000000086500000, 0x0000000086500000, 0x0000000086600000|  0%| F|  |TAMS 0x0000000086500000| PB 0x0000000086500000| Untracked 
|  34|0x0000000086600000, 0x0000000086600000, 0x0000000086700000|  0%| F|  |TAMS 0x0000000086600000| PB 0x0000000086600000| Untracked 
|  35|0x0000000086700000, 0x0000000086700000, 0x0000000086800000|  0%| F|  |TAMS 0x0000000086700000| PB 0x0000000086700000| Untracked 
|  36|0x0000000086800000, 0x0000000086800000, 0x0000000086900000|  0%| F|  |TAMS 0x0000000086800000| PB 0x0000000086800000| Untracked 
|  37|0x0000000086900000, 0x0000000086900000, 0x0000000086a00000|  0%| F|  |TAMS 0x0000000086900000| PB 0x0000000086900000| Untracked 
|  38|0x0000000086a00000, 0x0000000086a00000, 0x0000000086b00000|  0%| F|  |TAMS 0x0000000086a00000| PB 0x0000000086a00000| Untracked 
|  39|0x0000000086b00000, 0x0000000086c00000, 0x0000000086c00000|100%| O|Cm|TAMS 0x0000000086b00000| PB 0x0000000086b00000| Complete 
|  40|0x0000000086c00000, 0x0000000086d00000, 0x0000000086d00000|100%| O|Cm|TAMS 0x0000000086c00000| PB 0x0000000086c00000| Complete 
|  41|0x0000000086d00000, 0x0000000086d00000, 0x0000000086e00000|  0%| F|  |TAMS 0x0000000086d00000| PB 0x0000000086d00000| Untracked 
|  42|0x0000000086e00000, 0x0000000086f00000, 0x0000000086f00000|100%| O|Cm|TAMS 0x0000000086e00000| PB 0x0000000086e00000| Complete 
|  43|0x0000000086f00000, 0x0000000087000000, 0x0000000087000000|100%| O|Cm|TAMS 0x0000000086f00000| PB 0x0000000086f00000| Complete 
|  44|0x0000000087000000, 0x0000000087100000, 0x0000000087100000|100%|HS|  |TAMS 0x0000000087000000| PB 0x0000000087000000| Complete 
|  45|0x0000000087100000, 0x0000000087200000, 0x0000000087200000|100%|HC|  |TAMS 0x0000000087100000| PB 0x0000000087100000| Complete 
|  46|0x0000000087200000, 0x0000000087300000, 0x0000000087300000|100%| O|  |TAMS 0x0000000087200000| PB 0x0000000087200000| Untracked 
|  47|0x0000000087300000, 0x0000000087400000, 0x0000000087400000|100%| O|Cm|TAMS 0x0000000087300000| PB 0x0000000087300000| Complete 
|  48|0x0000000087400000, 0x0000000087500000, 0x0000000087500000|100%| O|  |TAMS 0x0000000087400000| PB 0x0000000087400000| Untracked 
|  49|0x0000000087500000, 0x0000000087600000, 0x0000000087600000|100%| O|  |TAMS 0x0000000087500000| PB 0x0000000087500000| Untracked 
|  50|0x0000000087600000, 0x0000000087700000, 0x0000000087700000|100%| O|  |TAMS 0x0000000087600000| PB 0x0000000087600000| Untracked 
|  51|0x0000000087700000, 0x0000000087800000, 0x0000000087800000|100%| O|  |TAMS 0x0000000087700000| PB 0x0000000087700000| Untracked 
|  52|0x0000000087800000, 0x0000000087900000, 0x0000000087900000|100%| O|Cm|TAMS 0x0000000087800000| PB 0x0000000087800000| Complete 
|  53|0x0000000087900000, 0x0000000087a00000, 0x0000000087a00000|100%| O|Cm|TAMS 0x0000000087900000| PB 0x0000000087900000| Complete 
|  54|0x0000000087a00000, 0x0000000087b00000, 0x0000000087b00000|100%| O|  |TAMS 0x0000000087a00000| PB 0x0000000087a00000| Untracked 
|  55|0x0000000087b00000, 0x0000000087c00000, 0x0000000087c00000|100%| O|  |TAMS 0x0000000087b00000| PB 0x0000000087b00000| Untracked 
|  56|0x0000000087c00000, 0x0000000087d00000, 0x0000000087d00000|100%| O|  |TAMS 0x0000000087c00000| PB 0x0000000087c00000| Untracked 
|  57|0x0000000087d00000, 0x0000000087e00000, 0x0000000087e00000|100%| O|  |TAMS 0x0000000087d00000| PB 0x0000000087d00000| Untracked 
|  58|0x0000000087e00000, 0x0000000087f00000, 0x0000000087f00000|100%| O|  |TAMS 0x0000000087e00000| PB 0x0000000087e00000| Untracked 
|  59|0x0000000087f00000, 0x0000000088000000, 0x0000000088000000|100%| O|  |TAMS 0x0000000087f00000| PB 0x0000000087f00000| Untracked 
|  60|0x0000000088000000, 0x0000000088100000, 0x0000000088100000|100%| O|  |TAMS 0x0000000088000000| PB 0x0000000088000000| Untracked 
|  61|0x0000000088100000, 0x0000000088200000, 0x0000000088200000|100%| O|  |TAMS 0x0000000088100000| PB 0x0000000088100000| Untracked 
|  62|0x0000000088200000, 0x0000000088300000, 0x0000000088300000|100%| O|Cm|TAMS 0x0000000088200000| PB 0x0000000088200000| Complete 
|  63|0x0000000088300000, 0x0000000088300000, 0x0000000088400000|  0%| F|  |TAMS 0x0000000088300000| PB 0x0000000088300000| Untracked 
|  64|0x0000000088400000, 0x0000000088400000, 0x0000000088500000|  0%| F|  |TAMS 0x0000000088400000| PB 0x0000000088400000| Untracked 
|  65|0x0000000088500000, 0x0000000088500000, 0x0000000088600000|  0%| F|  |TAMS 0x0000000088500000| PB 0x0000000088500000| Untracked 
|  66|0x0000000088600000, 0x0000000088600000, 0x0000000088700000|  0%| F|  |TAMS 0x0000000088600000| PB 0x0000000088600000| Untracked 
|  67|0x0000000088700000, 0x0000000088700000, 0x0000000088800000|  0%| F|  |TAMS 0x0000000088700000| PB 0x0000000088700000| Untracked 
|  68|0x0000000088800000, 0x0000000088800000, 0x0000000088900000|  0%| F|  |TAMS 0x0000000088800000| PB 0x0000000088800000| Untracked 
|  69|0x0000000088900000, 0x0000000088900000, 0x0000000088a00000|  0%| F|  |TAMS 0x0000000088900000| PB 0x0000000088900000| Untracked 
|  70|0x0000000088a00000, 0x0000000088a00000, 0x0000000088b00000|  0%| F|  |TAMS 0x0000000088a00000| PB 0x0000000088a00000| Untracked 
|  71|0x0000000088b00000, 0x0000000088b00000, 0x0000000088c00000|  0%| F|  |TAMS 0x0000000088b00000| PB 0x0000000088b00000| Untracked 
|  72|0x0000000088c00000, 0x0000000088c00000, 0x0000000088d00000|  0%| F|  |TAMS 0x0000000088c00000| PB 0x0000000088c00000| Untracked 
|  73|0x0000000088d00000, 0x0000000088d00000, 0x0000000088e00000|  0%| F|  |TAMS 0x0000000088d00000| PB 0x0000000088d00000| Untracked 
|  74|0x0000000088e00000, 0x0000000088e00000, 0x0000000088f00000|  0%| F|  |TAMS 0x0000000088e00000| PB 0x0000000088e00000| Untracked 
|  75|0x0000000088f00000, 0x0000000088f00000, 0x0000000089000000|  0%| F|  |TAMS 0x0000000088f00000| PB 0x0000000088f00000| Untracked 
|  76|0x0000000089000000, 0x0000000089000000, 0x0000000089100000|  0%| F|  |TAMS 0x0000000089000000| PB 0x0000000089000000| Untracked 
|  77|0x0000000089100000, 0x0000000089100000, 0x0000000089200000|  0%| F|  |TAMS 0x0000000089100000| PB 0x0000000089100000| Untracked 
|  78|0x0000000089200000, 0x0000000089200000, 0x0000000089300000|  0%| F|  |TAMS 0x0000000089200000| PB 0x0000000089200000| Untracked 
|  79|0x0000000089300000, 0x0000000089300000, 0x0000000089400000|  0%| F|  |TAMS 0x0000000089300000| PB 0x0000000089300000| Untracked 
|  80|0x0000000089400000, 0x0000000089400000, 0x0000000089500000|  0%| F|  |TAMS 0x0000000089400000| PB 0x0000000089400000| Untracked 
|  81|0x0000000089500000, 0x0000000089500000, 0x0000000089600000|  0%| F|  |TAMS 0x0000000089500000| PB 0x0000000089500000| Untracked 
|  82|0x0000000089600000, 0x0000000089600000, 0x0000000089700000|  0%| F|  |TAMS 0x0000000089600000| PB 0x0000000089600000| Untracked 
|  83|0x0000000089700000, 0x0000000089700000, 0x0000000089800000|  0%| F|  |TAMS 0x0000000089700000| PB 0x0000000089700000| Untracked 
|  84|0x0000000089800000, 0x0000000089800000, 0x0000000089900000|  0%| F|  |TAMS 0x0000000089800000| PB 0x0000000089800000| Untracked 
|  85|0x0000000089900000, 0x0000000089900000, 0x0000000089a00000|  0%| F|  |TAMS 0x0000000089900000| PB 0x0000000089900000| Untracked 
|  86|0x0000000089a00000, 0x0000000089a00000, 0x0000000089b00000|  0%| F|  |TAMS 0x0000000089a00000| PB 0x0000000089a00000| Untracked 
|  87|0x0000000089b00000, 0x0000000089b00000, 0x0000000089c00000|  0%| F|  |TAMS 0x0000000089b00000| PB 0x0000000089b00000| Untracked 
|  88|0x0000000089c00000, 0x0000000089c00000, 0x0000000089d00000|  0%| F|  |TAMS 0x0000000089c00000| PB 0x0000000089c00000| Untracked 
|  89|0x0000000089d00000, 0x0000000089d00000, 0x0000000089e00000|  0%| F|  |TAMS 0x0000000089d00000| PB 0x0000000089d00000| Untracked 
|  90|0x0000000089e00000, 0x0000000089e00000, 0x0000000089f00000|  0%| F|  |TAMS 0x0000000089e00000| PB 0x0000000089e00000| Untracked 
|  91|0x0000000089f00000, 0x0000000089f00000, 0x000000008a000000|  0%| F|  |TAMS 0x0000000089f00000| PB 0x0000000089f00000| Untracked 
|  92|0x000000008a000000, 0x000000008a000000, 0x000000008a100000|  0%| F|  |TAMS 0x000000008a000000| PB 0x000000008a000000| Untracked 
|  93|0x000000008a100000, 0x000000008a100000, 0x000000008a200000|  0%| F|  |TAMS 0x000000008a100000| PB 0x000000008a100000| Untracked 
|  94|0x000000008a200000, 0x000000008a200000, 0x000000008a300000|  0%| F|  |TAMS 0x000000008a200000| PB 0x000000008a200000| Untracked 
|  95|0x000000008a300000, 0x000000008a300000, 0x000000008a400000|  0%| F|  |TAMS 0x000000008a300000| PB 0x000000008a300000| Untracked 
|  96|0x000000008a400000, 0x000000008a400000, 0x000000008a500000|  0%| F|  |TAMS 0x000000008a400000| PB 0x000000008a400000| Untracked 
|  97|0x000000008a500000, 0x000000008a500000, 0x000000008a600000|  0%| F|  |TAMS 0x000000008a500000| PB 0x000000008a500000| Untracked 
|  98|0x000000008a600000, 0x000000008a600000, 0x000000008a700000|  0%| F|  |TAMS 0x000000008a600000| PB 0x000000008a600000| Untracked 
|  99|0x000000008a700000, 0x000000008a700000, 0x000000008a800000|  0%| F|  |TAMS 0x000000008a700000| PB 0x000000008a700000| Untracked 
| 100|0x000000008a800000, 0x000000008a800000, 0x000000008a900000|  0%| F|  |TAMS 0x000000008a800000| PB 0x000000008a800000| Untracked 
| 101|0x000000008a900000, 0x000000008a900000, 0x000000008aa00000|  0%| F|  |TAMS 0x000000008a900000| PB 0x000000008a900000| Untracked 
| 102|0x000000008aa00000, 0x000000008aa00000, 0x000000008ab00000|  0%| F|  |TAMS 0x000000008aa00000| PB 0x000000008aa00000| Untracked 
| 103|0x000000008ab00000, 0x000000008ab00000, 0x000000008ac00000|  0%| F|  |TAMS 0x000000008ab00000| PB 0x000000008ab00000| Untracked 
| 104|0x000000008ac00000, 0x000000008ac00000, 0x000000008ad00000|  0%| F|  |TAMS 0x000000008ac00000| PB 0x000000008ac00000| Untracked 
| 105|0x000000008ad00000, 0x000000008ad00000, 0x000000008ae00000|  0%| F|  |TAMS 0x000000008ad00000| PB 0x000000008ad00000| Untracked 
| 106|0x000000008ae00000, 0x000000008ae00000, 0x000000008af00000|  0%| F|  |TAMS 0x000000008ae00000| PB 0x000000008ae00000| Untracked 
| 107|0x000000008af00000, 0x000000008af00000, 0x000000008b000000|  0%| F|  |TAMS 0x000000008af00000| PB 0x000000008af00000| Untracked 
| 108|0x000000008b000000, 0x000000008b000000, 0x000000008b100000|  0%| F|  |TAMS 0x000000008b000000| PB 0x000000008b000000| Untracked 
| 109|0x000000008b100000, 0x000000008b100000, 0x000000008b200000|  0%| F|  |TAMS 0x000000008b100000| PB 0x000000008b100000| Untracked 
| 110|0x000000008b200000, 0x000000008b200000, 0x000000008b300000|  0%| F|  |TAMS 0x000000008b200000| PB 0x000000008b200000| Untracked 
| 111|0x000000008b300000, 0x000000008b300000, 0x000000008b400000|  0%| F|  |TAMS 0x000000008b300000| PB 0x000000008b300000| Untracked 
| 112|0x000000008b400000, 0x000000008b400000, 0x000000008b500000|  0%| F|  |TAMS 0x000000008b400000| PB 0x000000008b400000| Untracked 
| 113|0x000000008b500000, 0x000000008b500000, 0x000000008b600000|  0%| F|  |TAMS 0x000000008b500000| PB 0x000000008b500000| Untracked 
| 114|0x000000008b600000, 0x000000008b600000, 0x000000008b700000|  0%| F|  |TAMS 0x000000008b600000| PB 0x000000008b600000| Untracked 
| 115|0x000000008b700000, 0x000000008b700000, 0x000000008b800000|  0%| F|  |TAMS 0x000000008b700000| PB 0x000000008b700000| Untracked 
| 116|0x000000008b800000, 0x000000008b800000, 0x000000008b900000|  0%| F|  |TAMS 0x000000008b800000| PB 0x000000008b800000| Untracked 
| 117|0x000000008b900000, 0x000000008b900000, 0x000000008ba00000|  0%| F|  |TAMS 0x000000008b900000| PB 0x000000008b900000| Untracked 
| 118|0x000000008ba00000, 0x000000008ba00000, 0x000000008bb00000|  0%| F|  |TAMS 0x000000008ba00000| PB 0x000000008ba00000| Untracked 
| 119|0x000000008bb00000, 0x000000008bb00000, 0x000000008bc00000|  0%| F|  |TAMS 0x000000008bb00000| PB 0x000000008bb00000| Untracked 
| 120|0x000000008bc00000, 0x000000008bc00000, 0x000000008bd00000|  0%| F|  |TAMS 0x000000008bc00000| PB 0x000000008bc00000| Untracked 
| 121|0x000000008bd00000, 0x000000008bd00000, 0x000000008be00000|  0%| F|  |TAMS 0x000000008bd00000| PB 0x000000008bd00000| Untracked 
| 122|0x000000008be00000, 0x000000008be00000, 0x000000008bf00000|  0%| F|  |TAMS 0x000000008be00000| PB 0x000000008be00000| Untracked 
| 123|0x000000008bf00000, 0x000000008bf00000, 0x000000008c000000|  0%| F|  |TAMS 0x000000008bf00000| PB 0x000000008bf00000| Untracked 
| 124|0x000000008c000000, 0x000000008c000000, 0x000000008c100000|  0%| F|  |TAMS 0x000000008c000000| PB 0x000000008c000000| Untracked 
| 125|0x000000008c100000, 0x000000008c100000, 0x000000008c200000|  0%| F|  |TAMS 0x000000008c100000| PB 0x000000008c100000| Untracked 
| 126|0x000000008c200000, 0x000000008c200000, 0x000000008c300000|  0%| F|  |TAMS 0x000000008c200000| PB 0x000000008c200000| Untracked 
| 127|0x000000008c300000, 0x000000008c300000, 0x000000008c400000|  0%| F|  |TAMS 0x000000008c300000| PB 0x000000008c300000| Untracked 
| 128|0x000000008c400000, 0x000000008c400000, 0x000000008c500000|  0%| F|  |TAMS 0x000000008c400000| PB 0x000000008c400000| Untracked 
| 129|0x000000008c500000, 0x000000008c500000, 0x000000008c600000|  0%| F|  |TAMS 0x000000008c500000| PB 0x000000008c500000| Untracked 
| 130|0x000000008c600000, 0x000000008c600000, 0x000000008c700000|  0%| F|  |TAMS 0x000000008c600000| PB 0x000000008c600000| Untracked 
| 131|0x000000008c700000, 0x000000008c700000, 0x000000008c800000|  0%| F|  |TAMS 0x000000008c700000| PB 0x000000008c700000| Untracked 
| 132|0x000000008c800000, 0x000000008c800000, 0x000000008c900000|  0%| F|  |TAMS 0x000000008c800000| PB 0x000000008c800000| Untracked 
| 133|0x000000008c900000, 0x000000008c900000, 0x000000008ca00000|  0%| F|  |TAMS 0x000000008c900000| PB 0x000000008c900000| Untracked 
| 134|0x000000008ca00000, 0x000000008ca00000, 0x000000008cb00000|  0%| F|  |TAMS 0x000000008ca00000| PB 0x000000008ca00000| Untracked 
| 135|0x000000008cb00000, 0x000000008cb00000, 0x000000008cc00000|  0%| F|  |TAMS 0x000000008cb00000| PB 0x000000008cb00000| Untracked 
|1949|0x00000000fe100000, 0x00000000fe100000, 0x00000000fe200000|  0%| F|  |TAMS 0x00000000fe100000| PB 0x00000000fe100000| Untracked 
|1950|0x00000000fe200000, 0x00000000fe200000, 0x00000000fe300000|  0%| F|  |TAMS 0x00000000fe200000| PB 0x00000000fe200000| Untracked 
|1951|0x00000000fe300000, 0x00000000fe400000, 0x00000000fe400000|100%| O|  |TAMS 0x00000000fe300000| PB 0x00000000fe300000| Untracked 
|1952|0x00000000fe400000, 0x00000000fe500000, 0x00000000fe500000|100%| O|Cm|TAMS 0x00000000fe400000| PB 0x00000000fe400000| Complete 
|1953|0x00000000fe500000, 0x00000000fe600000, 0x00000000fe600000|100%| O|Cm|TAMS 0x00000000fe500000| PB 0x00000000fe500000| Complete 
|1954|0x00000000fe600000, 0x00000000fe700000, 0x00000000fe700000|100%| O|Cm|TAMS 0x00000000fe600000| PB 0x00000000fe600000| Complete 
|1955|0x00000000fe700000, 0x00000000fe800000, 0x00000000fe800000|100%| O|Cm|TAMS 0x00000000fe700000| PB 0x00000000fe700000| Complete 
|1956|0x00000000fe800000, 0x00000000fe900000, 0x00000000fe900000|100%| O|Cm|TAMS 0x00000000fe800000| PB 0x00000000fe800000| Complete 
|1957|0x00000000fe900000, 0x00000000fea00000, 0x00000000fea00000|100%| O|Cm|TAMS 0x00000000fe900000| PB 0x00000000fe900000| Complete 
|1958|0x00000000fea00000, 0x00000000feb00000, 0x00000000feb00000|100%| O|Cm|TAMS 0x00000000fea00000| PB 0x00000000fea00000| Complete 
|1959|0x00000000feb00000, 0x00000000fec00000, 0x00000000fec00000|100%| O|Cm|TAMS 0x00000000feb00000| PB 0x00000000feb00000| Complete 
|1960|0x00000000fec00000, 0x00000000fec00000, 0x00000000fed00000|  0%| F|  |TAMS 0x00000000fec00000| PB 0x00000000fec00000| Untracked 
|1961|0x00000000fed00000, 0x00000000fee00000, 0x00000000fee00000|100%| O|Cm|TAMS 0x00000000fed00000| PB 0x00000000fed00000| Complete 
|1962|0x00000000fee00000, 0x00000000fee00000, 0x00000000fef00000|  0%| F|  |TAMS 0x00000000fee00000| PB 0x00000000fee00000| Untracked 
|1963|0x00000000fef00000, 0x00000000fef00000, 0x00000000ff000000|  0%| F|  |TAMS 0x00000000fef00000| PB 0x00000000fef00000| Untracked 
|1964|0x00000000ff000000, 0x00000000ff000000, 0x00000000ff100000|  0%| F|  |TAMS 0x00000000ff000000| PB 0x00000000ff000000| Untracked 
|1965|0x00000000ff100000, 0x00000000ff200000, 0x00000000ff200000|100%| O|  |TAMS 0x00000000ff100000| PB 0x00000000ff100000| Untracked 
|1966|0x00000000ff200000, 0x00000000ff300000, 0x00000000ff300000|100%| O|  |TAMS 0x00000000ff200000| PB 0x00000000ff200000| Untracked 
|1967|0x00000000ff300000, 0x00000000ff400000, 0x00000000ff400000|100%| O|  |TAMS 0x00000000ff300000| PB 0x00000000ff300000| Untracked 
|1968|0x00000000ff400000, 0x00000000ff400000, 0x00000000ff500000|  0%| F|  |TAMS 0x00000000ff400000| PB 0x00000000ff400000| Untracked 
|1969|0x00000000ff500000, 0x00000000ff54bdf0, 0x00000000ff600000| 29%| S|CS|TAMS 0x00000000ff500000| PB 0x00000000ff500000| Complete 
|1970|0x00000000ff600000, 0x00000000ff600000, 0x00000000ff700000|  0%| F|  |TAMS 0x00000000ff600000| PB 0x00000000ff600000| Untracked 
|1971|0x00000000ff700000, 0x00000000ff700000, 0x00000000ff800000|  0%| F|  |TAMS 0x00000000ff700000| PB 0x00000000ff700000| Untracked 
|1972|0x00000000ff800000, 0x00000000ff800000, 0x00000000ff900000|  0%| F|  |TAMS 0x00000000ff800000| PB 0x00000000ff800000| Untracked 
|1973|0x00000000ff900000, 0x00000000ff900000, 0x00000000ffa00000|  0%| F|  |TAMS 0x00000000ff900000| PB 0x00000000ff900000| Untracked 
|1974|0x00000000ffa00000, 0x00000000ffa00000, 0x00000000ffb00000|  0%| F|  |TAMS 0x00000000ffa00000| PB 0x00000000ffa00000| Untracked 
|1975|0x00000000ffb00000, 0x00000000ffb00000, 0x00000000ffc00000|  0%| F|  |TAMS 0x00000000ffb00000| PB 0x00000000ffb00000| Untracked 
|1976|0x00000000ffc00000, 0x00000000ffc00000, 0x00000000ffd00000|  0%| F|  |TAMS 0x00000000ffc00000| PB 0x00000000ffc00000| Untracked 
|1977|0x00000000ffd00000, 0x00000000ffd00000, 0x00000000ffe00000|  0%| F|  |TAMS 0x00000000ffd00000| PB 0x00000000ffd00000| Untracked 
|1978|0x00000000ffe00000, 0x00000000fff00000, 0x00000000fff00000|100%| O|  |TAMS 0x00000000ffe00000| PB 0x00000000ffe00000| Untracked 
|1979|0x00000000fff00000, 0x0000000100000000, 0x0000000100000000|100%| O|  |TAMS 0x00000000fff00000| PB 0x00000000fff00000| Untracked 

Card table byte_map: [0x000002a64e280000,0x000002a64e660000] _byte_map_base: 0x000002a64de5e000

Marking Bits: (CMBitMap*) 0x000002a6364a43e0
 Bits: [0x000002a64e660000, 0x000002a650550000)

Polling page: 0x000002a633fb0000

Metaspace:

Usage:
  Non-class:     29.80 MB used.
      Class:      3.73 MB used.
       Both:     33.53 MB used.

Virtual space:
  Non-class space:       64.00 MB reserved,      30.06 MB ( 47%) committed,  1 nodes.
      Class space:        1.00 GB reserved,       3.94 MB ( <1%) committed,  1 nodes.
             Both:        1.06 GB reserved,      34.00 MB (  3%) committed. 

Chunk freelists:
   Non-Class:  1.70 MB
       Class:  11.89 MB
        Both:  13.59 MB

MaxMetaspaceSize: unlimited
CompressedClassSpaceSize: 1.00 GB
Initial GC threshold: 21.00 MB
Current GC threshold: 50.56 MB
CDS: on
 - commit_granule_bytes: 65536.
 - commit_granule_words: 8192.
 - virtual_space_node_default_size: 8388608.
 - enlarge_chunks_in_place: 1.
 - use_allocation_guard: 0.


Internal statistics:

num_allocs_failed_limit: 6.
num_arena_births: 344.
num_arena_deaths: 0.
num_vsnodes_births: 2.
num_vsnodes_deaths: 0.
num_space_committed: 544.
num_space_uncommitted: 0.
num_chunks_returned_to_freelist: 6.
num_chunks_taken_from_freelist: 1585.
num_chunk_merges: 6.
num_chunk_splits: 1109.
num_chunks_enlarged: 858.
num_inconsistent_stats: 0.

CodeHeap 'non-profiled nmethods': size=120000Kb used=5387Kb max_used=5387Kb free=114612Kb
 bounds [0x000002a646640000, 0x000002a646b90000, 0x000002a64db70000]
CodeHeap 'profiled nmethods': size=120000Kb used=18694Kb max_used=18717Kb free=101306Kb
 bounds [0x000002a63eb70000, 0x000002a63fdd0000, 0x000002a6460a0000]
CodeHeap 'non-nmethods': size=5760Kb used=1562Kb max_used=1579Kb free=4198Kb
 bounds [0x000002a6460a0000, 0x000002a646310000, 0x000002a646640000]
CodeCache: size=245760Kb, used=25643Kb, max_used=25683Kb, free=220116Kb
 total_blobs=9071, nmethods=8489, adapters=486, full_count=0
Compilation: enabled, stopped_count=0, restarted_count=0

Compilation events (20 events):
Event: 87.281 Thread 0x000002a652f8ee90 10054       3       java.io.PrintStream::implWrite (29 bytes)
Event: 87.282 Thread 0x000002a652f8ee90 nmethod 10054 0x000002a63f848e10 code [0x000002a63f849000, 0x000002a63f849448]
Event: 87.336 Thread 0x000002a652f8ee90 10055       3       org.apache.maven.surefire.api.stream.AbstractStreamDecoder::checkArguments (36 bytes)
Event: 87.336 Thread 0x000002a652f8ee90 nmethod 10055 0x000002a63f886490 code [0x000002a63f886660, 0x000002a63f8869f0]
Event: 87.336 Thread 0x000002a652f8ee90 10056       3       org.apache.maven.plugin.surefire.booterclient.output.ThreadedStreamConsumer::handleEvent (9 bytes)
Event: 87.338 Thread 0x000002a652f8ee90 nmethod 10056 0x000002a63f885610 code [0x000002a63f885860, 0x000002a63f8860d0]
Event: 87.338 Thread 0x000002a652f8ee90 10057       3       org.apache.maven.plugin.surefire.booterclient.output.ThreadedStreamConsumer::handleEvent (29 bytes)
Event: 87.339 Thread 0x000002a652f8ee90 nmethod 10057 0x000002a63f884910 code [0x000002a63f884b60, 0x000002a63f885250]
Event: 87.339 Thread 0x000002a652f8ee90 10058       3       org.apache.maven.plugin.surefire.booterclient.output.ThreadedStreamConsumer$QueueSynchronizer::pushNext (13 bytes)
Event: 87.339 Thread 0x000002a652f8ee90 nmethod 10058 0x000002a63f883f90 code [0x000002a63f8841a0, 0x000002a63f884648]
Event: 87.339 Thread 0x000002a652f8ee90 10059       3       org.apache.maven.plugin.surefire.booterclient.output.ThreadedStreamConsumer$QueueSynchronizer$SyncT2::awaitMax (6 bytes)
Event: 87.339 Thread 0x000002a652f8ee90 nmethod 10059 0x000002a63fc4ab10 code [0x000002a63fc4acc0, 0x000002a63fc4ae00]
Event: 87.339 Thread 0x000002a652f8ee90 10060       3       org.apache.maven.plugin.surefire.booterclient.output.ThreadedStreamConsumer$QueueSynchronizer::addNext (26 bytes)
Event: 87.340 Thread 0x000002a652f8ee90 nmethod 10060 0x000002a63f883810 code [0x000002a63f883a00, 0x000002a63f883d80]
Event: 87.340 Thread 0x000002a652f8ee90 10061       3       java.util.concurrent.ConcurrentLinkedDeque::addLast (6 bytes)
Event: 87.340 Thread 0x000002a652f8ee90 nmethod 10061 0x000002a63f848a10 code [0x000002a63f848bc0, 0x000002a63f848cf8]
Event: 87.340 Thread 0x000002a652f8ee90 10062       3       java.util.concurrent.ConcurrentLinkedDeque::linkLast (114 bytes)
Event: 87.346 Thread 0x000002a652f8ee90 nmethod 10062 0x000002a63f7d0210 code [0x000002a63f7d06c0, 0x000002a63f7d2ab8]
Event: 87.346 Thread 0x000002a652f8ee90 10063       3       java.nio.HeapByteBuffer::getLong (30 bytes)
Event: 87.349 Thread 0x000002a652f8ee90 nmethod 10063 0x000002a63f7cf290 code [0x000002a63f7cf4e0, 0x000002a63f7cfdc0]

GC Heap History (20 events):
Event: 8.865 GC heap after
{Heap after GC invocations=6 (full 0):
 garbage-first heap   total 126976K, used 28160K [0x0000000084400000, 0x0000000100000000)
  region size 1024K, 8 young (8192K), 8 survivors (8192K)
 Metaspace       used 21229K, committed 21504K, reserved 1114112K
  class space    used 2428K, committed 2560K, reserved 1048576K
}
Event: 10.144 GC heap before
{Heap before GC invocations=7 (full 0):
 garbage-first heap   total 96256K, used 94720K [0x0000000084400000, 0x0000000100000000)
  region size 1024K, 72 young (73728K), 8 survivors (8192K)
 Metaspace       used 26996K, committed 27328K, reserved 1114112K
  class space    used 3099K, committed 3264K, reserved 1048576K
}
Event: 10.178 GC heap after
{Heap after GC invocations=8 (full 0):
 garbage-first heap   total 123904K, used 48128K [0x0000000084400000, 0x0000000100000000)
  region size 1024K, 10 young (10240K), 10 survivors (10240K)
 Metaspace       used 26996K, committed 27328K, reserved 1114112K
  class space    used 3099K, committed 3264K, reserved 1048576K
}
Event: 11.522 GC heap before
{Heap before GC invocations=8 (full 0):
 garbage-first heap   total 123904K, used 100352K [0x0000000084400000, 0x0000000100000000)
  region size 1024K, 60 young (61440K), 10 survivors (10240K)
 Metaspace       used 29492K, committed 29824K, reserved 1114112K
  class space    used 3402K, committed 3520K, reserved 1048576K
}
Event: 11.538 GC heap after
{Heap after GC invocations=9 (full 0):
 garbage-first heap   total 123904K, used 46592K [0x0000000084400000, 0x0000000100000000)
  region size 1024K, 7 young (7168K), 7 survivors (7168K)
 Metaspace       used 29492K, committed 29824K, reserved 1114112K
  class space    used 3402K, committed 3520K, reserved 1048576K
}
Event: 11.971 GC heap before
{Heap before GC invocations=9 (full 0):
 garbage-first heap   total 123904K, used 107008K [0x0000000084400000, 0x0000000100000000)
  region size 1024K, 59 young (60416K), 7 survivors (7168K)
 Metaspace       used 29689K, committed 30080K, reserved 1114112K
  class space    used 3408K, committed 3584K, reserved 1048576K
}
Event: 11.996 GC heap after
{Heap after GC invocations=10 (full 0):
 garbage-first heap   total 138240K, used 75264K [0x0000000084400000, 0x0000000100000000)
  region size 1024K, 8 young (8192K), 8 survivors (8192K)
 Metaspace       used 29689K, committed 30080K, reserved 1114112K
  class space    used 3408K, committed 3584K, reserved 1048576K
}
Event: 12.275 GC heap before
{Heap before GC invocations=10 (full 0):
 garbage-first heap   total 138240K, used 103936K [0x0000000084400000, 0x0000000100000000)
  region size 1024K, 37 young (37888K), 8 survivors (8192K)
 Metaspace       used 29709K, committed 30144K, reserved 1114112K
  class space    used 3408K, committed 3584K, reserved 1048576K
}
Event: 12.283 GC heap after
{Heap after GC invocations=11 (full 0):
 garbage-first heap   total 171008K, used 84480K [0x0000000084400000, 0x0000000100000000)
  region size 1024K, 6 young (6144K), 6 survivors (6144K)
 Metaspace       used 29709K, committed 30144K, reserved 1114112K
  class space    used 3408K, committed 3584K, reserved 1048576K
}
Event: 12.841 GC heap before
{Heap before GC invocations=12 (full 0):
 garbage-first heap   total 171008K, used 135680K [0x0000000084400000, 0x0000000100000000)
  region size 1024K, 54 young (55296K), 6 survivors (6144K)
 Metaspace       used 30032K, committed 30400K, reserved 1114112K
  class space    used 3430K, committed 3584K, reserved 1048576K
}
Event: 12.855 GC heap after
{Heap after GC invocations=13 (full 0):
 garbage-first heap   total 171008K, used 97280K [0x0000000084400000, 0x0000000100000000)
  region size 1024K, 7 young (7168K), 7 survivors (7168K)
 Metaspace       used 30032K, committed 30400K, reserved 1114112K
  class space    used 3430K, committed 3584K, reserved 1048576K
}
Event: 13.363 GC heap before
{Heap before GC invocations=13 (full 0):
 garbage-first heap   total 171008K, used 141312K [0x0000000084400000, 0x0000000100000000)
  region size 1024K, 50 young (51200K), 7 survivors (7168K)
 Metaspace       used 30423K, committed 30848K, reserved 1114112K
  class space    used 3447K, committed 3584K, reserved 1048576K
}
Event: 13.375 GC heap after
{Heap after GC invocations=14 (full 0):
 garbage-first heap   total 171008K, used 87170K [0x0000000084400000, 0x0000000100000000)
  region size 1024K, 4 young (4096K), 4 survivors (4096K)
 Metaspace       used 30423K, committed 30848K, reserved 1114112K
  class space    used 3447K, committed 3584K, reserved 1048576K
}
Event: 14.114 GC heap before
{Heap before GC invocations=14 (full 0):
 garbage-first heap   total 171008K, used 137346K [0x0000000084400000, 0x0000000100000000)
  region size 1024K, 53 young (54272K), 4 survivors (4096K)
 Metaspace       used 30680K, committed 31040K, reserved 1114112K
  class space    used 3451K, committed 3584K, reserved 1048576K
}
Event: 14.119 GC heap after
{Heap after GC invocations=15 (full 0):
 garbage-first heap   total 171008K, used 84215K [0x0000000084400000, 0x0000000100000000)
  region size 1024K, 4 young (4096K), 4 survivors (4096K)
 Metaspace       used 30680K, committed 31040K, reserved 1114112K
  class space    used 3451K, committed 3584K, reserved 1048576K
}
Event: 72.246 GC heap before
{Heap before GC invocations=16 (full 0):
 garbage-first heap   total 171008K, used 130807K [0x0000000084400000, 0x0000000100000000)
  region size 1024K, 58 young (59392K), 4 survivors (4096K)
 Metaspace       used 34298K, committed 34752K, reserved 1114112K
  class space    used 3820K, committed 4032K, reserved 1048576K
}
Event: 73.586 GC heap after
{Heap after GC invocations=17 (full 0):
 garbage-first heap   total 171008K, used 78549K [0x0000000084400000, 0x0000000100000000)
  region size 1024K, 6 young (6144K), 6 survivors (6144K)
 Metaspace       used 34298K, committed 34752K, reserved 1114112K
  class space    used 3820K, committed 4032K, reserved 1048576K
}
Event: 73.613 GC heap before
{Heap before GC invocations=17 (full 0):
 garbage-first heap   total 171008K, used 80597K [0x0000000084400000, 0x0000000100000000)
  region size 1024K, 8 young (8192K), 6 survivors (6144K)
 Metaspace       used 34299K, committed 34752K, reserved 1114112K
  class space    used 3820K, committed 4032K, reserved 1048576K
}
Event: 73.902 GC heap after
{Heap after GC invocations=18 (full 0):
 garbage-first heap   total 171008K, used 75187K [0x0000000084400000, 0x0000000100000000)
  region size 1024K, 1 young (1024K), 1 survivors (1024K)
 Metaspace       used 34299K, committed 34752K, reserved 1114112K
  class space    used 3820K, committed 4032K, reserved 1048576K
}
Event: 87.381 GC heap before
{Heap before GC invocations=18 (full 0):
 garbage-first heap   total 171008K, used 81331K [0x0000000084400000, 0x0000000100000000)
  region size 1024K, 8 young (8192K), 1 survivors (1024K)
 Metaspace       used 34331K, committed 34816K, reserved 1114112K
  class space    used 3820K, committed 4032K, reserved 1048576K
}

Dll operation events (16 events):
Event: 0.014 Attempting to load shared library C:\Users\Amira Zbidi\.jdks\temurin-21.0.12.1\bin\java.dll
Event: 0.015 Loaded shared library C:\Users\Amira Zbidi\.jdks\temurin-21.0.12.1\bin\java.dll
Event: 0.073 Attempting to load shared library C:\Users\Amira Zbidi\.jdks\temurin-21.0.12.1\bin\jsvml.dll
Event: 0.074 Loaded shared library C:\Users\Amira Zbidi\.jdks\temurin-21.0.12.1\bin\jsvml.dll
Event: 0.109 Attempting to load shared library C:\Users\Amira Zbidi\.jdks\temurin-21.0.12.1\bin\net.dll
Event: 0.111 Loaded shared library C:\Users\Amira Zbidi\.jdks\temurin-21.0.12.1\bin\net.dll
Event: 0.122 Attempting to load shared library C:\Users\Amira Zbidi\.jdks\temurin-21.0.12.1\bin\nio.dll
Event: 0.126 Loaded shared library C:\Users\Amira Zbidi\.jdks\temurin-21.0.12.1\bin\nio.dll
Event: 0.132 Attempting to load shared library C:\Users\Amira Zbidi\.jdks\temurin-21.0.12.1\bin\zip.dll
Event: 0.133 Loaded shared library C:\Users\Amira Zbidi\.jdks\temurin-21.0.12.1\bin\zip.dll
Event: 0.480 Attempting to load shared library C:\Users\Amira Zbidi\.jdks\temurin-21.0.12.1\bin\jimage.dll
Event: 0.480 Loaded shared library C:\Users\Amira Zbidi\.jdks\temurin-21.0.12.1\bin\jimage.dll
Event: 0.485 Attempting to load shared library C:\Users\Amira Zbidi\.m2\wrapper\dists\apache-maven-3.9.16\0daed3be3ebd1c706f0e69e8b07c6b73f5cc4ea3dfce72a8d0ec2e849ca2ddb0\lib\jansi-native\Windows\x86_64\jansi.dll
Event: 0.486 Loaded shared library C:\Users\Amira Zbidi\.m2\wrapper\dists\apache-maven-3.9.16\0daed3be3ebd1c706f0e69e8b07c6b73f5cc4ea3dfce72a8d0ec2e849ca2ddb0\lib\jansi-native\Windows\x86_64\jansi.dll
Event: 0.508 Attempting to load shared library C:\Users\Amira Zbidi\.jdks\temurin-21.0.12.1\bin\verify.dll
Event: 0.509 Loaded shared library C:\Users\Amira Zbidi\.jdks\temurin-21.0.12.1\bin\verify.dll

Deoptimization events (20 events):
Event: 52.241 Thread 0x000002a69ab6e010 DEOPT PACKING pc=0x000002a646949710 sp=0x000000a8431fe950
Event: 52.241 Thread 0x000002a69ab6e010 DEOPT UNPACKING pc=0x000002a6460f7ba2 sp=0x000000a8431fe888 mode 2
Event: 52.241 Thread 0x000002a69ab6e010 Uncommon trap: trap_request=0xffffffde fr.pc=0x000002a646949710 relative=0x0000000000000530
Event: 52.241 Thread 0x000002a69ab6e010 Uncommon trap: reason=class_check action=maybe_recompile pc=0x000002a646949710 method=java.nio.charset.CharsetEncoder.encode(Ljava/nio/CharBuffer;Ljava/nio/ByteBuffer;Z)Ljava/nio/charset/CoderResult; @ 57 c2
Event: 52.241 Thread 0x000002a69ab6e010 DEOPT PACKING pc=0x000002a646949710 sp=0x000000a8431fe9c0
Event: 52.241 Thread 0x000002a69ab6e010 DEOPT UNPACKING pc=0x000002a6460f7ba2 sp=0x000000a8431fe8f8 mode 2
Event: 52.250 Thread 0x000002a69ab6e010 Uncommon trap: trap_request=0xffffffde fr.pc=0x000002a646949710 relative=0x0000000000000530
Event: 52.250 Thread 0x000002a69ab6e010 Uncommon trap: reason=class_check action=maybe_recompile pc=0x000002a646949710 method=java.nio.charset.CharsetEncoder.encode(Ljava/nio/CharBuffer;Ljava/nio/ByteBuffer;Z)Ljava/nio/charset/CoderResult; @ 57 c2
Event: 52.250 Thread 0x000002a69ab6e010 DEOPT PACKING pc=0x000002a646949710 sp=0x000000a8431fea90
Event: 52.250 Thread 0x000002a69ab6e010 DEOPT UNPACKING pc=0x000002a6460f7ba2 sp=0x000000a8431fe9c8 mode 2
Event: 52.251 Thread 0x000002a69ab6e010 Uncommon trap: trap_request=0xffffffde fr.pc=0x000002a646949710 relative=0x0000000000000530
Event: 52.251 Thread 0x000002a69ab6e010 Uncommon trap: reason=class_check action=maybe_recompile pc=0x000002a646949710 method=java.nio.charset.CharsetEncoder.encode(Ljava/nio/CharBuffer;Ljava/nio/ByteBuffer;Z)Ljava/nio/charset/CoderResult; @ 57 c2
Event: 52.251 Thread 0x000002a69ab6e010 DEOPT PACKING pc=0x000002a646949710 sp=0x000000a8431feb10
Event: 52.251 Thread 0x000002a69ab6e010 DEOPT UNPACKING pc=0x000002a6460f7ba2 sp=0x000000a8431fea48 mode 2
Event: 55.614 Thread 0x000002a69ab6e010 DEOPT PACKING pc=0x000002a63f87b137 sp=0x000000a8431fef20
Event: 55.614 Thread 0x000002a69ab6e010 DEOPT UNPACKING pc=0x000002a6460f86e2 sp=0x000000a8431fe428 mode 0
Event: 55.615 Thread 0x000002a69ab6e010 DEOPT PACKING pc=0x000002a63f88c216 sp=0x000000a8431fee90
Event: 55.615 Thread 0x000002a69ab6e010 DEOPT UNPACKING pc=0x000002a6460f86e2 sp=0x000000a8431fe390 mode 0
Event: 55.629 Thread 0x000002a69ab6e010 DEOPT PACKING pc=0x000002a63f88c216 sp=0x000000a8431fee90
Event: 55.629 Thread 0x000002a69ab6e010 DEOPT UNPACKING pc=0x000002a6460f86e2 sp=0x000000a8431fe390 mode 0

Classes loaded (20 events):
Event: 15.675 Loading class java/util/Scanner
Event: 15.681 Loading class java/util/Scanner done
Event: 15.682 Loading class java/util/Scanner$PatternLRUCache
Event: 15.683 Loading class java/util/Scanner$PatternLRUCache done
Event: 46.519 Loading class java/util/regex/Matcher$ImmutableMatchResult
Event: 46.519 Loading class java/util/regex/Matcher$ImmutableMatchResult done
Event: 48.696 Loading class java/text/ChoiceFormat
Event: 48.699 Loading class java/text/ChoiceFormat done
Event: 51.392 Loading class java/text/FieldPosition$Delegate
Event: 51.396 Loading class java/text/FieldPosition$Delegate done
Event: 51.397 Loading class jdk/internal/math/FDBigInteger
Event: 51.414 Loading class jdk/internal/math/FDBigInteger done
Event: 51.480 Loading class java/text/DigitList$1
Event: 51.481 Loading class java/text/DigitList$1 done
Event: 51.481 Loading class java/text/MessageFormat$Field
Event: 51.482 Loading class java/text/MessageFormat$Field done
Event: 51.484 Loading class java/util/concurrent/ConcurrentLinkedDeque$Itr
Event: 51.485 Loading class java/util/concurrent/ConcurrentLinkedDeque$AbstractItr
Event: 51.486 Loading class java/util/concurrent/ConcurrentLinkedDeque$AbstractItr done
Event: 51.486 Loading class java/util/concurrent/ConcurrentLinkedDeque$Itr done

Classes unloaded (0 events):
No events

Classes redefined (0 events):
No events

Internal exceptions (20 events):
Event: 13.207 Thread 0x000002a636455150 Exception <a 'sun/nio/fs/WindowsException'{0x000000008ade2d98}> (0x000000008ade2d98) 
thrown [s\src\hotspot\share\prims\jni.cpp, line 520]
Event: 13.207 Thread 0x000002a636455150 Exception <a 'sun/nio/fs/WindowsException'{0x000000008adedd20}> (0x000000008adedd20) 
thrown [s\src\hotspot\share\prims\jni.cpp, line 520]
Event: 13.208 Thread 0x000002a636455150 Exception <a 'sun/nio/fs/WindowsException'{0x000000008ac0c7b0}> (0x000000008ac0c7b0) 
thrown [s\src\hotspot\share\prims\jni.cpp, line 520]
Event: 13.274 Thread 0x000002a636455150 Exception <a 'sun/nio/fs/WindowsException'{0x000000008a777478}> (0x000000008a777478) 
thrown [s\src\hotspot\share\prims\jni.cpp, line 520]
Event: 13.274 Thread 0x000002a636455150 Exception <a 'sun/nio/fs/WindowsException'{0x000000008a778398}> (0x000000008a778398) 
thrown [s\src\hotspot\share\prims\jni.cpp, line 520]
Event: 13.275 Thread 0x000002a636455150 Exception <a 'sun/nio/fs/WindowsException'{0x000000008a779c90}> (0x000000008a779c90) 
thrown [s\src\hotspot\share\prims\jni.cpp, line 520]
Event: 13.275 Thread 0x000002a636455150 Exception <a 'sun/nio/fs/WindowsException'{0x000000008a77bc58}> (0x000000008a77bc58) 
thrown [s\src\hotspot\share\prims\jni.cpp, line 520]
Event: 13.475 Thread 0x000002a636455150 Exception <a 'sun/nio/fs/WindowsException'{0x000000008c95dcf8}> (0x000000008c95dcf8) 
thrown [s\src\hotspot\share\prims\jni.cpp, line 520]
Event: 13.476 Thread 0x000002a636455150 Exception <a 'sun/nio/fs/WindowsException'{0x000000008c95eea8}> (0x000000008c95eea8) 
thrown [s\src\hotspot\share\prims\jni.cpp, line 520]
Event: 13.476 Thread 0x000002a636455150 Exception <a 'sun/nio/fs/WindowsException'{0x000000008c972c08}> (0x000000008c972c08) 
thrown [s\src\hotspot\share\prims\jni.cpp, line 520]
Event: 13.477 Thread 0x000002a636455150 Exception <a 'sun/nio/fs/WindowsException'{0x000000008c9aa140}> (0x000000008c9aa140) 
thrown [s\src\hotspot\share\prims\jni.cpp, line 520]
Event: 14.730 Thread 0x000002a69d3b77e0 Exception <a 'java/lang/NoSuchMethodError'{0x000000008c61b598}: 'java.lang.Object java.lang.invoke.DirectMethodHandle$Holder.invokeStatic(java.lang.Object, long, java.lang.Object)'> (0x000000008c61b598) 
thrown [s\src\hotspot\share\interpreter\linkResolver.cpp, line 773]
Event: 14.731 Thread 0x000002a69d3b77e0 Exception <a 'java/lang/NoSuchMethodError'{0x000000008c61eab0}: 'java.lang.Object java.lang.invoke.DirectMethodHandle$Holder.invokeStaticInit(java.lang.Object, long, java.lang.Object)'> (0x000000008c61eab0) 
thrown [s\src\hotspot\share\interpreter\linkResolver.cpp, line 773]
Event: 14.731 Thread 0x000002a69d3b77e0 Exception <a 'java/lang/NoSuchMethodError'{0x000000008c623f90}: 'java.lang.Object java.lang.invoke.DirectMethodHandle$Holder.newInvokeSpecial(java.lang.Object, long)'> (0x000000008c623f90) 
thrown [s\src\hotspot\share\interpreter\linkResolver.cpp, line 773]
Event: 14.760 Thread 0x000002a69d3b77e0 Exception <a 'java/lang/NoSuchMethodError'{0x000000008c628b70}: 'long java.lang.invoke.DirectMethodHandle$Holder.invokeInterface(java.lang.Object, java.lang.Object)'> (0x000000008c628b70) 
thrown [s\src\hotspot\share\interpreter\linkResolver.cpp, line 773]
Event: 14.761 Thread 0x000002a69d3b77e0 Exception <a 'java/lang/NoSuchMethodError'{0x000000008c62cc58}: 'long java.lang.invoke.DelegatingMethodHandle$Holder.reinvoke_L(java.lang.Object, java.lang.Object)'> (0x000000008c62cc58) 
thrown [s\src\hotspot\share\interpreter\linkResolver.cpp, line 773]
Event: 14.939 Thread 0x000002a636455150 Exception <a 'java/lang/NoSuchMethodError'{0x000000008c4091d0}: 'java.lang.Object java.lang.invoke.DirectMethodHandle$Holder.invokeStaticInit(java.lang.Object, java.lang.Object, int, int, int, int)'> (0x000000008c4091d0) 
thrown [s\src\hotspot\share\interpreter\linkResolver.cpp, line 773]
Event: 15.608 Thread 0x000002a636455150 Exception <a 'java/lang/NoSuchMethodError'{0x000000008b75e168}: 'void java.lang.invoke.DirectMethodHandle$Holder.invokeStatic(java.lang.Object, long)'> (0x000000008b75e168) 
thrown [s\src\hotspot\share\interpreter\linkResolver.cpp, line 773]
Event: 51.504 Thread 0x000002a69ab6e010 Implicit null exception at 0x000002a646adef77 to 0x000002a646adf580
Event: 51.507 Thread 0x000002a69ab6e010 Implicit null exception at 0x000002a646a90c03 to 0x000002a646a90e74

ZGC Phase Switch (0 events):
No events

VM Operations (20 events):
Event: 55.946 Executing safepoint VM operation: Cleanup done
Event: 60.176 Executing non-safepoint VM operation: HandshakeAllThreads (HandshakeForDeflation)
Event: 60.176 Executing non-safepoint VM operation: HandshakeAllThreads (HandshakeForDeflation) done
Event: 60.177 Executing non-safepoint VM operation: RendezvousGCThreads
Event: 60.177 Executing non-safepoint VM operation: RendezvousGCThreads done
Event: 66.230 Executing safepoint VM operation: Cleanup
Event: 66.230 Executing safepoint VM operation: Cleanup done
Event: 71.273 Executing safepoint VM operation: Cleanup
Event: 71.288 Executing safepoint VM operation: Cleanup done
Event: 72.182 Executing safepoint VM operation: G1CollectForAllocation (G1 Evacuation Pause)
Event: 73.586 Executing safepoint VM operation: G1CollectForAllocation (G1 Evacuation Pause) done
Event: 73.590 Executing safepoint VM operation: G1CollectForAllocation (G1 Evacuation Pause)
Event: 73.902 Executing safepoint VM operation: G1CollectForAllocation (G1 Evacuation Pause) done
Event: 74.916 Executing safepoint VM operation: Cleanup
Event: 74.916 Executing safepoint VM operation: Cleanup done
Event: 75.920 Executing safepoint VM operation: Cleanup
Event: 75.920 Executing safepoint VM operation: Cleanup done
Event: 87.013 Executing safepoint VM operation: Cleanup
Event: 87.013 Executing safepoint VM operation: Cleanup done
Event: 87.381 Executing safepoint VM operation: G1CollectForAllocation (G1 Evacuation Pause)

Memory protections (0 events):
No events

Nmethod flushes (20 events):
Event: 14.155 Thread 0x000002a652f65d30 flushing  nmethod 0x000002a63fa04810
Event: 14.155 Thread 0x000002a652f65d30 flushing  nmethod 0x000002a63fa1de10
Event: 14.155 Thread 0x000002a652f65d30 flushing  nmethod 0x000002a63fa1e390
Event: 14.155 Thread 0x000002a652f65d30 flushing  nmethod 0x000002a63fa20c10
Event: 14.155 Thread 0x000002a652f65d30 flushing  nmethod 0x000002a63fa21290
Event: 14.155 Thread 0x000002a652f65d30 flushing  nmethod 0x000002a63fa3f290
Event: 14.155 Thread 0x000002a652f65d30 flushing  nmethod 0x000002a63fa46390
Event: 14.155 Thread 0x000002a652f65d30 flushing  nmethod 0x000002a63fa52090
Event: 14.155 Thread 0x000002a652f65d30 flushing  nmethod 0x000002a63fa52f10
Event: 14.155 Thread 0x000002a652f65d30 flushing  nmethod 0x000002a63fa53310
Event: 14.155 Thread 0x000002a652f65d30 flushing  nmethod 0x000002a63fa55590
Event: 14.155 Thread 0x000002a652f65d30 flushing  nmethod 0x000002a63fa83190
Event: 14.155 Thread 0x000002a652f65d30 flushing  nmethod 0x000002a63fa97190
Event: 14.155 Thread 0x000002a652f65d30 flushing  nmethod 0x000002a63fa97590
Event: 14.155 Thread 0x000002a652f65d30 flushing  nmethod 0x000002a63fa98a10
Event: 14.155 Thread 0x000002a652f65d30 flushing  nmethod 0x000002a63fa99910
Event: 14.155 Thread 0x000002a652f65d30 flushing  nmethod 0x000002a63fa9c690
Event: 14.155 Thread 0x000002a652f65d30 flushing  nmethod 0x000002a63fabf390
Event: 14.155 Thread 0x000002a652f65d30 flushing  nmethod 0x000002a63fc83610
Event: 14.155 Thread 0x000002a652f65d30 flushing  nmethod 0x000002a63fc8a610

Events (20 events):
Event: 9.140 Thread 0x000002a652f8ee90 Thread added: 0x000002a699f4a410
Event: 12.594 Thread 0x000002a652f8ee90 Thread added: 0x000002a69a190a60
Event: 14.594 Thread 0x000002a69a190a60 Thread exited: 0x000002a69a190a60
Event: 14.669 Thread 0x000002a636455150 Thread added: 0x000002a69d3b77e0
Event: 14.763 Thread 0x000002a69d3b77e0 Thread exited: 0x000002a69d3b77e0
Event: 15.196 Thread 0x000002a636455150 Thread added: 0x000002a69d3b77e0
Event: 15.209 Thread 0x000002a636455150 Thread added: 0x000002a699e65020
Event: 15.495 Thread 0x000002a699f4a410 Thread exited: 0x000002a699f4a410
Event: 15.518 Thread 0x000002a652f8ee90 Thread added: 0x000002a69cd37ea0
Event: 15.533 Thread 0x000002a652f8ee90 Thread added: 0x000002a69c34d170
Event: 15.574 Thread 0x000002a636455150 Thread added: 0x000002a69ab6e010
Event: 15.675 Thread 0x000002a636455150 Thread added: 0x000002a69b67ece0
Event: 15.676 Thread 0x000002a636455150 Thread added: 0x000002a69b67e650
Event: 15.681 Thread 0x000002a636455150 Thread added: 0x000002a69b67f370
Event: 16.940 Thread 0x000002a69cd37ea0 Thread exited: 0x000002a69cd37ea0
Event: 16.940 Thread 0x000002a69c34d170 Thread exited: 0x000002a69c34d170
Event: 51.650 Thread 0x000002a652f8e7e0 Thread added: 0x000002a69ca50b70
Event: 51.943 Thread 0x000002a69ca50b70 Thread exited: 0x000002a69ca50b70
Event: 52.303 Thread 0x000002a652f8ee90 Thread added: 0x000002a69ca50b70
Event: 53.116 Thread 0x000002a69ca50b70 Thread exited: 0x000002a69ca50b70


Dynamic libraries:
0x00007ff672bf0000 - 0x00007ff672bfe000 	C:\Users\Amira Zbidi\.jdks\temurin-21.0.12.1\bin\java.exe
0x00007ffee7a80000 - 0x00007ffee7ce7000 	C:\WINDOWS\SYSTEM32\ntdll.dll
0x00007ffee7030000 - 0x00007ffee70f9000 	C:\WINDOWS\System32\KERNEL32.DLL
0x00007ffee5150000 - 0x00007ffee5541000 	C:\WINDOWS\System32\KERNELBASE.dll
0x00007ffee4dd0000 - 0x00007ffee4f1b000 	C:\WINDOWS\System32\ucrtbase.dll
0x00007ffeb8240000 - 0x00007ffeb825e000 	C:\Users\Amira Zbidi\.jdks\temurin-21.0.12.1\bin\VCRUNTIME140.dll
0x00007ffeb51c0000 - 0x00007ffeb51d8000 	C:\Users\Amira Zbidi\.jdks\temurin-21.0.12.1\bin\jli.dll
0x00007ffee6e60000 - 0x00007ffee7025000 	C:\WINDOWS\System32\USER32.dll
0x00007ffee5550000 - 0x00007ffee5577000 	C:\WINDOWS\System32\win32u.dll
0x00007ffec9590000 - 0x00007ffec9823000 	C:\WINDOWS\WinSxS\amd64_microsoft.windows.common-controls_6595b64144ccf1df_6.0.26100.8037_none_3e092faae333b53b\COMCTL32.dll
0x00007ffee7430000 - 0x00007ffee745b000 	C:\WINDOWS\System32\GDI32.dll
0x00007ffee7260000 - 0x00007ffee7309000 	C:\WINDOWS\System32\msvcrt.dll
0x00007ffee5580000 - 0x00007ffee56ab000 	C:\WINDOWS\System32\gdi32full.dll
0x00007ffee4d20000 - 0x00007ffee4dc3000 	C:\WINDOWS\System32\msvcp_win.dll
0x00007ffee7460000 - 0x00007ffee7491000 	C:\WINDOWS\System32\IMM32.DLL
0x00007ffebc240000 - 0x00007ffebc24c000 	C:\Users\Amira Zbidi\.jdks\temurin-21.0.12.1\bin\vcruntime140_1.dll
0x00007ffeb5130000 - 0x00007ffeb51bd000 	C:\Users\Amira Zbidi\.jdks\temurin-21.0.12.1\bin\msvcp140.dll
0x00007ffdff390000 - 0x00007ffe00132000 	C:\Users\Amira Zbidi\.jdks\temurin-21.0.12.1\bin\server\jvm.dll
0x00007ffee6570000 - 0x00007ffee662b000 	C:\WINDOWS\System32\ADVAPI32.dll
0x00007ffee7380000 - 0x00007ffee7427000 	C:\WINDOWS\System32\sechost.dll
0x00007ffee5cd0000 - 0x00007ffee5de8000 	C:\WINDOWS\System32\RPCRT4.dll
0x00007ffee5c50000 - 0x00007ffee5cc4000 	C:\WINDOWS\System32\WS2_32.dll
0x00007ffee41c0000 - 0x00007ffee421e000 	C:\WINDOWS\SYSTEM32\POWRPROF.dll
0x00007ffee2450000 - 0x00007ffee2485000 	C:\WINDOWS\SYSTEM32\WINMM.dll
0x00007ffed6e40000 - 0x00007ffed6e4b000 	C:\WINDOWS\SYSTEM32\VERSION.dll
0x00007ffee41a0000 - 0x00007ffee41b4000 	C:\WINDOWS\SYSTEM32\UMPDC.dll
0x00007ffee30f0000 - 0x00007ffee310b000 	C:\WINDOWS\SYSTEM32\kernel.appcore.dll
0x00007ffebc210000 - 0x00007ffebc21a000 	C:\Users\Amira Zbidi\.jdks\temurin-21.0.12.1\bin\jimage.dll
0x00007ffee2200000 - 0x00007ffee2442000 	C:\WINDOWS\SYSTEM32\DBGHELP.DLL
0x00007ffee58a0000 - 0x00007ffee5c22000 	C:\WINDOWS\System32\combase.dll
0x00007ffee74a0000 - 0x00007ffee7577000 	C:\WINDOWS\System32\OLEAUT32.dll
0x00007ffee2490000 - 0x00007ffee24cb000 	C:\WINDOWS\SYSTEM32\dbgcore.DLL
0x00007ffee50a0000 - 0x00007ffee5145000 	C:\WINDOWS\System32\bcryptPrimitives.dll
0x00007ffeb5110000 - 0x00007ffeb5130000 	C:\Users\Amira Zbidi\.jdks\temurin-21.0.12.1\bin\java.dll
0x00007ffee6630000 - 0x00007ffee6d8f000 	C:\WINDOWS\System32\SHELL32.dll
0x00007ffee56b0000 - 0x00007ffee581a000 	C:\WINDOWS\System32\wintypes.dll
0x00007ffee4420000 - 0x00007ffee4c84000 	C:\WINDOWS\System32\windows.storage.dll
0x00007ffee7910000 - 0x00007ffee7a07000 	C:\WINDOWS\System32\SHCORE.dll
0x00007ffee7310000 - 0x00007ffee7377000 	C:\WINDOWS\System32\shlwapi.dll
0x00007ffee4280000 - 0x00007ffee42a9000 	C:\WINDOWS\SYSTEM32\profapi.dll
0x00007ffea1f50000 - 0x00007ffea2027000 	C:\Users\Amira Zbidi\.jdks\temurin-21.0.12.1\bin\jsvml.dll
0x00007ffeb9af0000 - 0x00007ffeb9b00000 	C:\Users\Amira Zbidi\.jdks\temurin-21.0.12.1\bin\net.dll
0x00007ffed6ce0000 - 0x00007ffed6e07000 	C:\WINDOWS\SYSTEM32\WINHTTP.dll
0x00007ffee3660000 - 0x00007ffee36cb000 	C:\WINDOWS\system32\mswsock.dll
0x00007ffeb50f0000 - 0x00007ffeb5106000 	C:\Users\Amira Zbidi\.jdks\temurin-21.0.12.1\bin\nio.dll
0x00007ffeb50d0000 - 0x00007ffeb50e8000 	C:\Users\Amira Zbidi\.jdks\temurin-21.0.12.1\bin\zip.dll
0x00007ffeb50a0000 - 0x00007ffeb50c4000 	C:\Users\Amira Zbidi\.m2\wrapper\dists\apache-maven-3.9.16\0daed3be3ebd1c706f0e69e8b07c6b73f5cc4ea3dfce72a8d0ec2e849ca2ddb0\lib\jansi-native\Windows\x86_64\jansi.dll
0x00007ffeb85e0000 - 0x00007ffeb85f0000 	C:\Users\Amira Zbidi\.jdks\temurin-21.0.12.1\bin\verify.dll
0x00007ffee3940000 - 0x00007ffee395b000 	C:\WINDOWS\SYSTEM32\CRYPTSP.dll
0x00007ffee3050000 - 0x00007ffee3089000 	C:\WINDOWS\system32\rsaenh.dll
0x00007ffee3710000 - 0x00007ffee3742000 	C:\WINDOWS\SYSTEM32\USERENV.dll
0x00007ffee4250000 - 0x00007ffee427a000 	C:\WINDOWS\SYSTEM32\bcrypt.dll
0x00007ffee3960000 - 0x00007ffee396c000 	C:\WINDOWS\SYSTEM32\CRYPTBASE.dll
0x00007ffee2b10000 - 0x00007ffee2b43000 	C:\WINDOWS\SYSTEM32\IPHLPAPI.DLL
0x00007ffee5f00000 - 0x00007ffee5f0a000 	C:\WINDOWS\System32\NSI.dll

JVMTI agents: none

dbghelp: loaded successfully - version: 4.0.5 - missing functions: none
symbol engine: initialized successfully - sym options: 0x614 - pdb path: .;C:\Users\Amira Zbidi\.jdks\temurin-21.0.12.1\bin;C:\WINDOWS\SYSTEM32;C:\WINDOWS\WinSxS\amd64_microsoft.windows.common-controls_6595b64144ccf1df_6.0.26100.8037_none_3e092faae333b53b;C:\Users\Amira Zbidi\.jdks\temurin-21.0.12.1\bin\server;C:\Users\Amira Zbidi\.m2\wrapper\dists\apache-maven-3.9.16\0daed3be3ebd1c706f0e69e8b07c6b73f5cc4ea3dfce72a8d0ec2e849ca2ddb0\lib\jansi-native\Windows\x86_64

VM Arguments:
jvm_args: --enable-native-access=ALL-UNNAMED -Dclassworlds.conf=C:\Users\Amira Zbidi\.m2\wrapper\dists\apache-maven-3.9.16\0daed3be3ebd1c706f0e69e8b07c6b73f5cc4ea3dfce72a8d0ec2e849ca2ddb0\bin\m2.conf -Dmaven.home=C:\Users\Amira Zbidi\.m2\wrapper\dists\apache-maven-3.9.16\0daed3be3ebd1c706f0e69e8b07c6b73f5cc4ea3dfce72a8d0ec2e849ca2ddb0 -Dlibrary.jansi.path=C:\Users\Amira Zbidi\.m2\wrapper\dists\apache-maven-3.9.16\0daed3be3ebd1c706f0e69e8b07c6b73f5cc4ea3dfce72a8d0ec2e849ca2ddb0\lib\jansi-native -Dmaven.multiModuleProjectDirectory=C:\Users\Amira Zbidi\Downloads\jobtracker\jobtracker 
java_command: org.codehaus.plexus.classworlds.launcher.Launcher clean test
java_class_path (initial): C:\Users\Amira Zbidi\.m2\wrapper\dists\apache-maven-3.9.16\0daed3be3ebd1c706f0e69e8b07c6b73f5cc4ea3dfce72a8d0ec2e849ca2ddb0\boot\plexus-classworlds-2.11.0.jar
Launcher Type: SUN_STANDARD

[Global flags]
     intx CICompilerCount                          = 4                                         {product} {ergonomic}
     uint ConcGCThreads                            = 2                                         {product} {ergonomic}
     uint G1ConcRefinementThreads                  = 8                                         {product} {ergonomic}
   size_t G1HeapRegionSize                         = 1048576                                   {product} {ergonomic}
    uintx GCDrainStackTargetSize                   = 64                                        {product} {ergonomic}
   size_t InitialHeapSize                          = 130023424                                 {product} {ergonomic}
   size_t MarkStackSize                            = 4194304                                   {product} {ergonomic}
   size_t MaxHeapSize                              = 2076180480                                {product} {ergonomic}
   size_t MaxNewSize                               = 1245708288                                {product} {ergonomic}
   size_t MinHeapDeltaBytes                        = 1048576                                   {product} {ergonomic}
   size_t MinHeapSize                              = 8388608                                   {product} {ergonomic}
    uintx NonNMethodCodeHeapSize                   = 5839372                                {pd product} {ergonomic}
    uintx NonProfiledCodeHeapSize                  = 122909434                              {pd product} {ergonomic}
    uintx ProfiledCodeHeapSize                     = 122909434                              {pd product} {ergonomic}
    uintx ReservedCodeCacheSize                    = 251658240                              {pd product} {ergonomic}
     bool SegmentedCodeCache                       = true                                      {product} {ergonomic}
   size_t SoftMaxHeapSize                          = 2076180480                             {manageable} {ergonomic}
     bool UseCompressedOops                        = true                           {product lp64_product} {ergonomic}
     bool UseG1GC                                  = true                                      {product} {ergonomic}
     bool UseLargePagesIndividualAllocation        = false                                  {pd product} {ergonomic}

Logging:
Log output configuration:
 #0: stdout all=warning uptime,level,tags foldmultilines=false
 #1: stderr all=off uptime,level,tags foldmultilines=false

Release file:
IMPLEMENTOR="Eclipse Adoptium" 
IMPLEMENTOR_VERSION="Temurin-21.0.12.1+1" 
JAVA_RUNTIME_VERSION="21.0.12.1+1-LTS" 
JAVA_VERSION="21.0.12.1" 
JAVA_VERSION_DATE="2026-08-18" 
LIBC="default" 
MODULES="java.base java.compiler java.datatransfer java.xml java.prefs java.desktop java.instrument java.logging java.management java.security.sasl java.naming java.rmi java.management.rmi java.net.http java.scripting java.security.jgss java.transaction.xa java.sql java.sql.rowset java.xml.crypto java.se java.smartcardio jdk.accessibility jdk.internal.jvmstat jdk.attach jdk.charsets jdk.internal.opt jdk.zipfs jdk.compiler jdk.crypto.ec jdk.crypto.cryptoki jdk.crypto.mscapi jdk.dynalink jdk.internal.ed jdk.editpad jdk.hotspot.agent jdk.httpserver jdk.incubator.vector jdk.internal.le jdk.internal.vm.ci jdk.internal.vm.compiler jdk.internal.vm.compiler.management jdk.jartool jdk.javadoc jdk.jcmd jdk.management jdk.management.agent jdk.jconsole jdk.jdeps jdk.jdwp.agent jdk.jdi jdk.jfr jdk.jlink jdk.jpackage jdk.jshell jdk.jsobject jdk.jstatd jdk.localedata jdk.management.jfr jdk.naming.dns jdk.naming.rmi jdk.net jdk.nio.mapmode jdk.random jdk.sctp jdk.security.auth jdk.security.jgss jdk.unsupported jdk.unsupported.desktop jdk.xml.dom" 
OS_ARCH="x86_64" 
OS_NAME="Windows" 
SOURCE=".:git:1c417fbfc2f7" 
BUILD_SOURCE="git:e6ba7dec3d07654074559310376a3ae89da5f4ac"
BUILD_SOURCE_REPO="https://github.com/adoptium/temurin-build.git"
SOURCE_REPO="https://github.com/adoptium/jdk21u.git"
FULL_VERSION="21.0.12.1+1-LTS"
SEMANTIC_VERSION="21.0.12.1+1"
BUILD_INFO="OS: Windows Server 2022 Version: 10.0"
JVM_VARIANT="Hotspot"
JVM_VERSION="21.0.12.1+1-LTS"
IMAGE_TYPE="JDK"

Environment Variables:
JAVA_HOME=C:\Users\Amira Zbidi\.jdks\temurin-21.0.12.1
PATH=C:\Python314\Scripts\;C:\Python314\;C:\Program Files (x86)\Common Files\Oracle\Java\javapath;C:\WINDOWS\system32;C:\WINDOWS;C:\WINDOWS\System32\Wbem;C:\WINDOWS\System32\WindowsPowerShell\v1.0\;C:\WINDOWS\System32\OpenSSH\;C:\Program Files\dotnet\;C:\Program Files\Amazon\AWSCLIV2\;C:\Program Files\Git\cmd;C:\Program Files\nodejs\;C:\ProgramData\chocolatey\bin;C:\Program Files\WSL\;C:\Users\Amira Zbidi\AppData\Local\Programs\Python\Python313\Scripts\;C:\Users\Amira Zbidi\AppData\Local\Programs\Python\Python313\;C:\Users\Amira Zbidi\AppData\Local\Programs\Python\Launcher\;C:\Users\Amira Zbidi\AppData\Local\Microsoft\WindowsApps;C:\Users\Amira Zbidi\AppData\Local\Programs\Microsoft VS Code\bin;C:\Users\Amira Zbidi\.dotnet\tools;C:\Users\Amira Zbidi\AppData\Roaming\npm;C:\Users\Amira Zbidi\.local\bin;C:\Program Files\PostgreSQL\16\bin;;C:\Users\Amira Zbidi\AppData\Local\Programs\DockerDesktop\resources\bin
USERNAME=Amira Zbidi
OS=Windows_NT
PROCESSOR_IDENTIFIER=Intel64 Family 6 Model 140 Stepping 1, GenuineIntel
TMP=C:\Users\AMIRAZ~1\AppData\Local\Temp
TEMP=C:\Users\AMIRAZ~1\AppData\Local\Temp




Periodic native trim disabled

---------------  S Y S T E M  ---------------

OS:
 Windows 11 , 64 bit Build 26100 (10.0.26100.7920)
OS uptime: 0 days 3:07 hours
Hyper-V role detected

CPU: total 8 (initial active 8) (4 cores per cpu, 2 threads per core) family 6 model 140 stepping 1 microcode 0xbe, cx8, cmov, fxsr, ht, mmx, 3dnowpref, sse, sse2, sse3, ssse3, sse4.1, sse4.2, popcnt, lzcnt, tsc, tscinvbit, avx, avx2, aes, erms, clmul, bmi1, bmi2, adx, avx512f, avx512dq, avx512cd, avx512bw, avx512vl, sha, fma, vzeroupper, avx512_vpopcntdq, avx512_vpclmulqdq, avx512_vaes, avx512_vnni, clflush, clflushopt, clwb, avx512_vbmi2, avx512_vbmi, hv, rdtscp, rdpid, fsrm, gfni, avx512_bitalg, f16c, cet_ibt, cet_ss, avx512_ifma
Processor Information for the first 8 processors :
  Max Mhz: 2419, Current Mhz: 2419, Mhz Limit: 2419

Memory: 4k page, system-wide physical 7914M (523M free)
TotalPageFile size 20416M (AvailPageFile size 124M)
current process WorkingSet (physical memory assigned to process): 69M, peak: 344M
current process commit charge ("private bytes"): 328M, peak: 622M

vm_info: OpenJDK 64-Bit Server VM (21.0.12.1+1-LTS) for windows-amd64 JRE (21.0.12.1+1-LTS), built on 2026-08-18T00:00:00Z by "admin" with MS VC++ 17.12 (VS2022)

END.
